adrien_gindre
ahmed_tazir
alain_juppe
alain_krakovitch
alain_marschall
alain_vidalies
albert_uderzo
andre_paccou
anna_cabana
anne_lauvergeon
anne_rosencher
annick_lepetit
arnaud_ardoin
arnaud_montebourg
ban_ki_moon
barack_obama
ben_affleck
benoit_grisonnet
berenice_marlohe
bernadette_groison
bernard_accoyer
bertrand_tavernier
beth_ditto
brahim_asloum
brigitte_boucher
bruno_beschizza
bruno_le_maire
bruno_le_roux
busty
buzz_aldrin
camille_lacourt
carl_meeus
carole_barjon
catherine_frot
catherine_vautrin
cathy_gentil
celine_bracq
celine_bruel
christian_eckert
christian_jacob
christian_piquet
christian_seigle_ferrand
christiane_taubira
christin_bjelland
christophe_borgel
christophe_delay
christophe_landrieau
christophe_ruaults
claude_bartolone
claude_lelouch
claude_weill
damien_gourlet
daniel_craig
daniel_fasquelle
daniele_delpeuch
danielle_schweisguth
danny_boyle
david_brunet
david_pujadas
david_revault_d_allonnes
didier_deschamps
dominique_bertinotti
dominique_de_montvalon
dominique_dord
dominique_rizet
dominique_wolton
dove_attia
elisa_bertholomey
elton_john
emma_bunton
eric_straumann
eric_woerth
erwann_binet
eva_joly
fabienne_broucaret
fabienne_delahaye
fabrice_luchini
felicity_huffman
fidel_helmer
flavie_flament
florence_muracciole
florence_sachot
florian_philippot
franck_riester
francois_bayrou
francois_chaulet
francois_de_closets
francois_fillon
francois_hollande
francois_patriat
francois_viot
francois_xavier_menage
frederic_cuvillier
frederic_de_lanouvelle
geoffroy_didier
gerard_jugnot
gerard_porte
gerard_schaller
geri_halliwell
gildas_leard
gilles_kepel
glenn_close
graziella_rodrigues
gregory_mallet
guillaume_peltier
guillaume_roquette
guy_olharan
henri_emmanuelli
henri_guaino
henri_sterdyniak
herve_mariton
hugh_jackman
hugues_obry
jacques_cheminade
jae_sang_park
javier_bardem
jean_baptiste_predali
jean_bernard_cadier
jean_christophe_lagarde
jean_claude_mercier
jean_d_ormesson
jean_dujardin
jean_francois_cope
jean_glavany
jean_leonetti
jean_louis_borloo
jean_luc_delarue
jean_luc_melenchon
jean_marc_ayrault
jean_marie_le_guen
jean_pierre_daguzan
jean_pierre_gratien
jean_pierre_mercier
jean_vincent_place
jennifer_aniston
jennifer_lopez
jeremy_brossard
jerome_begle
jerome_cordelier
jerome_fernandez
jihad_makdissi
jo_wilfried_tsonga
johanne_portal
johnny_hallyday
jorge_marroquin
juan_jose_toribio
juliette_greco
kad_merad
karine_berger
ken_loach
kenrick_monk
laetitia_soudy
laura_flessel_colovic
laure_manaudou
laurent_fabius
laurent_neumann
liam_payne
lionel_tavera
lorenzo_retortillo
luc_chatel
luis_de_guindos
maitre_gims
manuel_valls
marc_le_fur
marek_halter
marine_le_pen
mario_draghi
martine_aubry
maska
mathieu_ladeveze
michel_hazanavicius
michel_liebgott
michel_mercier
mick_jagger
mitchell_winehouse
muriel_robin
nathalie_arthaud
nathalie_baye
nathalie_kosciusko_morizet
nicolas_dupont_aignan
nicolas_hulot
nicolas_jamain
nicolas_sarkozy
nicolas_vollaire
nolwenn_leroy
olivier_faure
olivier_maurey
olivier_truchot
pascal_boniface
pascal_durand
pascal_legitimus
pascale_de_la_tour_du_pin
patrice_liger
patricia_adam
patrick_baudouin
patrick_bloche
patrick_timsit
pauline_revenaz
perrine_baglan
philippe_doucet
philippe_peltier
philippe_poutou
philippe_varin
pierre_lellouche
pierre_moscovici
pierre_richard
pierrick_taisne
rachid_m_barki
raphael_haroche
remi_perrot
renaud_dely
rene_dosiere
richard_anconina
richard_gere
roland_muzeau
romain_gubert
ronald_guintrange
roselyne_bachelot
ruth_elkrief
sandra_boulanger
scott_siegel
segolene_royal
stefano_sollima
thibaud_le_floch
thomas_lequertier
thomas_soulie
thomas_voeckler
tiffanie_osswalt
tito_topin
ulysse_gosset
valerie_beranger
valerie_pecresse
valerie_rosso_debord
valerie_trierweiler
vincent_peillon
virgile_caillet
walid_tabbouch
wenche_elisabeth_arntzen
xavier_bertrand
zayn_malik