anna_cabana
roland_muzeau
thibaud_le_floch
hugues_obry
nolwenn_leroy
roxane
daniele_delpeuch
juliette_greco
muriel_robin
francois_hollande
eva_joly
christian_eckert
gilles_kepel
mick_jagger
florence_sachot
laurence_pieau
philippe_peltier
gerard_jugnot
anne_rosencher
michel_hazanavicius
christophe_dechavanne
laetitia_soudy
olivier_truchot
ben_affleck
philippe_poutou
catherine_frot
gregory_mallet
jerome_cordelier
jerome_fernandez
ban_ki_moon
dominique_rizet
dominique_bertinotti
gerard_schaller
dove_attia
jacques_cheminade
ken_loach
patricia_adam
jean_christophe_lagarde
henri_emmanuelli
guillaume_peltier
jo_wilfried_tsonga
dominique_de_montvalon
laurent_neumann
francois_chaulet
pierre_moscovici
marlene
jean_pierre_elkabbach
alain_krakovitch
gildas_leard
tiffanie_osswalt
marek_halter
bruno_le_maire
richard_gere
francois_patriat
david_brunet
alain_vidalies
rachid_m_barki
alain_juppe
johnny_hallyday
geoffroy_didier
romain_gubert
brigitte_boucher
karine_berger
jean_baptiste_predali
pascal_legitimus
jeremy_brossard
philippe_doucet
ronald_guintrange
pascal_durand
fabienne_broucaret
gerard_porte
christophe_ruaults
bruno_le_roux
francois_bayrou
dominique_wolton
claire_fontaine
mitch_winehouse
juan_jose_toribio
christian_seigle_ferrand
renaud_dely
florian_philippot
thomas_hugues
cathy_gentil
kad_merad
danny_boyle
pierre_boutry
florence_muracciole
dominique
nicolas_sarkozy
ahmed_tazir
nathalie_kosciusko_morizet
dominique_dord
perrine_baglan
lorenzo_retortillo
damien_gourlet
sandra_boulanger
roselyne_bachelot
nicolas_hulot
thomas_soulie
didier_deschamps
johanne_portal
stefano_sollima
jean_glavany
vincent_peillon
jean_claude_mercier
hugh_jackman
walid_tabbouch
arnaud_montebourg
erwann_binet
thomas_voeckler
daniel_fasquelle
berenice_marlohe
fabienne_delahaye
olivier_faure
albert_uderzo
louis_burton
jihad_makdissi
virgile_caillet
guillaume_roquette
barack_obama
buzz_aldrin
bruno_beschizza
jean_francois_cope
celine_bracq
jean_marie_le_guen
marine_le_pen
catherine_vautrin
jean_pierre_gratien
maitre_gims
pierre_lellouche
jean_louis_borloo
manuel_valls
christian_jacob
mario_draghi
henri_guaino
brahim_asloum
claude_weill
laurent_fabius
laura_flessel
jorge_marroquin
carole_barjon
fidel_helmer
jerome_begle
annick_lepetit
claude_bartolone
nicolas_vollaire
danielle_schweisguth
olivier_maurey
nicolas_jamain
raphael
francois_fillon
jean_vincent_place
bernadette_groison
elton_john
valerie_rosso_debord
philippe_varin
